OpenROAD 41a51eaf4ca2171c92ff38afb91eb37bbd3f36da 
This program is licensed under the BSD-3 license. See the LICENSE file for details.
Components of this program may be licensed under more restrictive licenses which must be honored.
[INFO]: Reading ODB at '/openlane/designs/picorv32a/runs/final_run/tmp/routing/21-fill.odb'…
define_corners Typical
read_liberty -corner Typical /home/vscode/.ciel/sky130A/libs.ref/sky130_fd_sc_hd/lib/sky130_fd_sc_hd__tt_025C_1v80.lib
Using 1e-12 for capacitance...
Using 1e+03 for resistance...
Using 1e-09 for time...
Using 1e+00 for voltage...
Using 1e-03 for current...
Using 1e-09 for power...
Using 1e-06 for distance...
Reading design constraints file at '/openlane/designs/picorv32a/runs/final_run/tmp/16-picorv32a.sdc'…
[INFO ORD-0030] Using 2 thread(s).
[INFO DRT-0149] Reading tech and libs.

Units:                1000
Number of layers:     13
Number of macros:     441
Number of vias:       25
Number of viarulegen: 25

[INFO DRT-0150] Reading design.

Design:                   picorv32a
Die area:                 ( 0 0 ) ( 1279175 1289895 )
Number of track patterns: 12
Number of DEF vias:       0
Number of components:     172086
Number of terminals:      411
Number of snets:          2
Number of nets:           16830

[INFO DRT-0167] List of default vias:
  Layer mcon
    default via: L1M1_PR
  Layer via
    default via: M1M2_PR
  Layer via2
    default via: M2M3_PR
  Layer via3
    default via: M3M4_PR
  Layer via4
    default via: M4M5_PR
[INFO DRT-0162] Library cell analysis.
[INFO DRT-0163] Instance analysis.
  Complete 10000 instances.
  Complete 20000 instances.
  Complete 30000 instances.
  Complete 40000 instances.
  Complete 50000 instances.
  Complete 60000 instances.
  Complete 70000 instances.
  Complete 80000 instances.
  Complete 90000 instances.
  Complete 100000 instances.
[INFO DRT-0164] Number of unique instances = 370.
[INFO DRT-0168] Init region query.
[INFO DRT-0018]   Complete 10000 insts.
[INFO DRT-0018]   Complete 20000 insts.
[INFO DRT-0018]   Complete 30000 insts.
[INFO DRT-0018]   Complete 40000 insts.
[INFO DRT-0018]   Complete 50000 insts.
[INFO DRT-0018]   Complete 60000 insts.
[INFO DRT-0018]   Complete 70000 insts.
[INFO DRT-0018]   Complete 80000 insts.
[INFO DRT-0018]   Complete 90000 insts.
[INFO DRT-0019]   Complete 100000 insts.
[INFO DRT-0024]   Complete FR_MASTERSLICE.
[INFO DRT-0024]   Complete licon.
[INFO DRT-0024]   Complete li1.
[INFO DRT-0024]   Complete mcon.
[INFO DRT-0024]   Complete met1.
[INFO DRT-0024]   Complete via.
[INFO DRT-0024]   Complete met2.
[INFO DRT-0024]   Complete via2.
[INFO DRT-0024]   Complete met3.
[INFO DRT-0024]   Complete via3.
[INFO DRT-0024]   Complete met4.
[INFO DRT-0024]   Complete via4.
[INFO DRT-0024]   Complete met5.
[INFO DRT-0033] FR_MASTERSLICE shape region query size = 0.
[INFO DRT-0033] licon shape region query size = 0.
[INFO DRT-0033] li1 shape region query size = 1288506.
[INFO DRT-0033] mcon shape region query size = 1837200.
[INFO DRT-0033] met1 shape region query size = 377972.
[INFO DRT-0033] via shape region query size = 21015.
[INFO DRT-0033] met2 shape region query size = 12819.
[INFO DRT-0033] via2 shape region query size = 16812.
[INFO DRT-0033] met3 shape region query size = 12808.
[INFO DRT-0033] via3 shape region query size = 16812.
[INFO DRT-0033] met4 shape region query size = 4401.
[INFO DRT-0033] via4 shape region query size = 162.
[INFO DRT-0033] met5 shape region query size = 198.
[INFO DRT-0165] Start pin access.
[INFO DRT-0076]   Complete 100 pins.
[INFO DRT-0076]   Complete 200 pins.
[INFO DRT-0076]   Complete 300 pins.
[INFO DRT-0076]   Complete 400 pins.
[INFO DRT-0076]   Complete 500 pins.
[INFO DRT-0076]   Complete 600 pins.
[INFO DRT-0076]   Complete 700 pins.
[INFO DRT-0076]   Complete 800 pins.
[INFO DRT-0076]   Complete 900 pins.
[INFO DRT-0077]   Complete 1000 pins.
[INFO DRT-0078]   Complete 1467 pins.
[INFO DRT-0079]   Complete 100 unique inst patterns.
[INFO DRT-0079]   Complete 200 unique inst patterns.
[INFO DRT-0079]   Complete 300 unique inst patterns.
[INFO DRT-0081]   Complete 352 unique inst patterns.
[INFO DRT-0082]   Complete 1000 groups.
[INFO DRT-0082]   Complete 2000 groups.
[INFO DRT-0082]   Complete 3000 groups.
[INFO DRT-0082]   Complete 4000 groups.
[INFO DRT-0082]   Complete 5000 groups.
[INFO DRT-0082]   Complete 6000 groups.
[INFO DRT-0082]   Complete 7000 groups.
[INFO DRT-0082]   Complete 8000 groups.
[INFO DRT-0082]   Complete 9000 groups.
[INFO DRT-0083]   Complete 10000 groups.
[INFO DRT-0084]   Complete 14159 groups.
#scanned instances     = 172086
#unique  instances     = 370
#stdCellGenAp          = 10888
#stdCellValidPlanarAp  = 86
#stdCellValidViaAp     = 8344
#stdCellPinNoAp        = 0
#stdCellPinCnt         = 58114
#instTermValidViaApCnt = 0
#macroGenAp            = 0
#macroValidPlanarAp    = 0
#macroValidViaAp       = 0
#macroNoAp             = 0
[INFO DRT-0166] Complete pin access.
[INFO DRT-0267] cpu time = 00:02:20, elapsed time = 00:01:19, memory = 647.96 (MB), peak = 691.92 (MB)
[INFO DRT-0156] guideIn read 100000 guides.

Number of guides:     144396

[INFO DRT-0169] Post process guides.
[INFO DRT-0176] GCELLGRID X 0 DO 185 STEP 6900 ;
[INFO DRT-0177] GCELLGRID Y 0 DO 186 STEP 6900 ;
[INFO DRT-0026]   Complete 10000 origin guides.
[INFO DRT-0026]   Complete 20000 origin guides.
[INFO DRT-0026]   Complete 30000 origin guides.
[INFO DRT-0026]   Complete 40000 origin guides.
[INFO DRT-0026]   Complete 50000 origin guides.
[INFO DRT-0026]   Complete 60000 origin guides.
[INFO DRT-0026]   Complete 70000 origin guides.
[INFO DRT-0026]   Complete 80000 origin guides.
[INFO DRT-0026]   Complete 90000 origin guides.
[INFO DRT-0027]   Complete 100000 origin guides.
[INFO DRT-0028]   Complete FR_MASTERSLICE.
[INFO DRT-0028]   Complete licon.
[INFO DRT-0028]   Complete li1.
[INFO DRT-0028]   Complete mcon.
[INFO DRT-0028]   Complete met1.
[INFO DRT-0028]   Complete via.
[INFO DRT-0028]   Complete met2.
[INFO DRT-0028]   Complete via2.
[INFO DRT-0028]   Complete met3.
[INFO DRT-0028]   Complete via3.
[INFO DRT-0028]   Complete met4.
[INFO DRT-0028]   Complete via4.
[INFO DRT-0028]   Complete met5.
  complete 10000 nets.
[INFO DRT-0178] Init guide query.
[INFO DRT-0029]   Complete 10000 nets (guide).
[INFO DRT-0035]   Complete FR_MASTERSLICE (guide).
[INFO DRT-0035]   Complete licon (guide).
[INFO DRT-0035]   Complete li1 (guide).
[INFO DRT-0035]   Complete mcon (guide).
[INFO DRT-0035]   Complete met1 (guide).
[INFO DRT-0035]   Complete via (guide).
[INFO DRT-0035]   Complete met2 (guide).
[INFO DRT-0035]   Complete via2 (guide).
[INFO DRT-0035]   Complete met3 (guide).
[INFO DRT-0035]   Complete via3 (guide).
[INFO DRT-0035]   Complete met4 (guide).
[INFO DRT-0035]   Complete via4 (guide).
[INFO DRT-0035]   Complete met5 (guide).
[INFO DRT-0036] FR_MASTERSLICE guide region query size = 0.
[INFO DRT-0036] licon guide region query size = 0.
[INFO DRT-0036] li1 guide region query size = 48617.
[INFO DRT-0036] mcon guide region query size = 0.
[INFO DRT-0036] met1 guide region query size = 41340.
[INFO DRT-0036] via guide region query size = 0.
[INFO DRT-0036] met2 guide region query size = 22625.
[INFO DRT-0036] via2 guide region query size = 0.
[INFO DRT-0036] met3 guide region query size = 1256.
[INFO DRT-0036] via3 guide region query size = 0.
[INFO DRT-0036] met4 guide region query size = 465.
[INFO DRT-0036] via4 guide region query size = 0.
[INFO DRT-0036] met5 guide region query size = 0.
[INFO DRT-0179] Init gr pin query.
[INFO DRT-0245] skipped writing guide updates to database.
[INFO DRT-0185] Post process initialize RPin region query.
[INFO DRT-0181] Start track assignment.
[INFO DRT-0184] Done with 71707 vertical wires in 4 frboxes and 42596 horizontal wires in 4 frboxes.
[INFO DRT-0186] Done with 6010 vertical wires in 4 frboxes and 11609 horizontal wires in 4 frboxes.
[INFO DRT-0182] Complete track assignment.
[INFO DRT-0267] cpu time = 00:00:21, elapsed time = 00:00:12, memory = 940.95 (MB), peak = 1175.79 (MB)
[INFO DRT-0187] Start routing data preparation.
[INFO DRT-0267] cpu time = 00:00:00, elapsed time = 00:00:00, memory = 940.95 (MB), peak = 1175.79 (MB)
[INFO DRT-0194] Start detail routing.
[INFO DRT-0195] Start 0th optimization iteration.
    Completing 10% with 0 violations.
    elapsed time = 00:00:24, memory = 1699.70 (MB).
    Completing 20% with 0 violations.
    elapsed time = 00:00:48, memory = 2725.53 (MB).
    Completing 30% with 2141 violations.
    elapsed time = 00:01:03, memory = 2231.60 (MB).
    Completing 40% with 2141 violations.
    elapsed time = 00:01:31, memory = 2805.50 (MB).
    Completing 50% with 2141 violations.
    elapsed time = 00:01:57, memory = 3254.64 (MB).
    Completing 60% with 4511 violations.
    elapsed time = 00:02:23, memory = 2538.81 (MB).
    Completing 70% with 4511 violations.
    elapsed time = 00:02:53, memory = 3007.53 (MB).
    Completing 80% with 6730 violations.
    elapsed time = 00:03:11, memory = 3330.73 (MB).
    Completing 90% with 6730 violations.
    elapsed time = 00:03:44, memory = 3331.21 (MB).
    Completing 100% with 8972 violations.
    elapsed time = 00:04:09, memory = 2222.31 (MB).
[INFO DRT-0199]   Number of violations = 11715.
Viol/Layer         li1   mcon   met1   met2   met3   met4
Cut Spacing          0     16      0      0      0      0
Metal Spacing      228      0   1734    132      4      1
Min Hole             0      0     10      0      0      0
NS Metal             1      0      0      0      0      0
Recheck              5      0   1835    727     58    118
Short                0      0   6301    542      0      3
[INFO DRT-0267] cpu time = 00:07:21, elapsed time = 00:04:10, memory = 2149.67 (MB), peak = 3331.29 (MB)
Total wire length = 1330366 um.
Total wire length on LAYER li1 = 0 um.
Total wire length on LAYER met1 = 601951 um.
Total wire length on LAYER met2 = 591454 um.
Total wire length on LAYER met3 = 66645 um.
Total wire length on LAYER met4 = 70315 um.
Total wire length on LAYER met5 = 0 um.
Total number of vias = 126932.
Up-via summary (total 126932):.

-------------------------
 FR_MASTERSLICE         0
            li1     58802
           met1     65706
           met2      1611
           met3       813
           met4         0
-------------------------
                   126932


[INFO DRT-0195] Start 1st optimization iteration.
    Completing 10% with 11715 violations.
    elapsed time = 00:00:21, memory = 2619.83 (MB).
    Completing 20% with 11715 violations.
    elapsed time = 00:00:47, memory = 3125.87 (MB).
    Completing 30% with 10221 violations.
    elapsed time = 00:01:02, memory = 2224.86 (MB).
    Completing 40% with 10221 violations.
    elapsed time = 00:01:31, memory = 2805.09 (MB).
    Completing 50% with 10221 violations.
    elapsed time = 00:01:56, memory = 3326.73 (MB).
    Completing 60% with 8617 violations.
    elapsed time = 00:02:19, memory = 2536.83 (MB).
    Completing 70% with 8617 violations.
    elapsed time = 00:02:45, memory = 2999.35 (MB).
    Completing 80% with 7269 violations.
    elapsed time = 00:03:03, memory = 2270.21 (MB).
    Completing 90% with 7269 violations.
    elapsed time = 00:03:33, memory = 2792.91 (MB).
    Completing 100% with 5938 violations.
    elapsed time = 00:04:00, memory = 3312.16 (MB).
[INFO DRT-0199]   Number of violations = 6127.
Viol/Layer        mcon   met1    via   met2   met3   met4
Cut Spacing          8      0      0      0      0      0
Metal Spacing        0    933      0     75      1      0
Min Hole             0      4      0      0      0      0
Recheck              0      6      0      0    183      0
Short                0   4685      1    229      0      2
[INFO DRT-0267] cpu time = 00:07:13, elapsed time = 00:04:01, memory = 2226.90 (MB), peak = 3395.37 (MB)
Total wire length = 1327162 um.
Total wire length on LAYER li1 = 0 um.
Total wire length on LAYER met1 = 600090 um.
Total wire length on LAYER met2 = 590054 um.
Total wire length on LAYER met3 = 66862 um.
Total wire length on LAYER met4 = 70155 um.
Total wire length on LAYER met5 = 0 um.
Total number of vias = 127424.
Up-via summary (total 127424):.

-------------------------
 FR_MASTERSLICE         0
            li1     58780
           met1     66149
           met2      1681
           met3       814
           met4         0
-------------------------
                   127424


[INFO DRT-0195] Start 2nd optimization iteration.
    Completing 10% with 6127 violations.
    elapsed time = 00:00:21, memory = 2406.91 (MB).
    Completing 20% with 6127 violations.
    elapsed time = 00:00:45, memory = 2728.05 (MB).
    Completing 30% with 6062 violations.
    elapsed time = 00:00:58, memory = 2204.38 (MB).
    Completing 40% with 6062 violations.
    elapsed time = 00:01:26, memory = 2644.66 (MB).
    Completing 50% with 6062 violations.
    elapsed time = 00:01:46, memory = 2902.63 (MB).
    Completing 60% with 5703 violations.
    elapsed time = 00:02:08, memory = 2435.84 (MB).
    Completing 70% with 5703 violations.
    elapsed time = 00:02:30, memory = 2761.20 (MB).
    Completing 80% with 5630 violations.
    elapsed time = 00:02:43, memory = 2244.07 (MB).
    Completing 90% with 5630 violations.
    elapsed time = 00:03:12, memory = 2633.19 (MB).
    Completing 100% with 5365 violations.
    elapsed time = 00:03:27, memory = 2098.89 (MB).
[INFO DRT-0199]   Number of violations = 5478.
Viol/Layer        mcon   met1   met2   met3   met4
Cut Spacing         10      0      0      0      0
Metal Spacing        0   1010     71      1      0
Min Hole             0      3      0      0      0
Recheck              0     14      0     99      0
Short                0   4069    200      0      1
[INFO DRT-0267] cpu time = 00:06:06, elapsed time = 00:03:27, memory = 2151.97 (MB), peak = 3395.37 (MB)
Total wire length = 1325782 um.
Total wire length on LAYER li1 = 0 um.
Total wire length on LAYER met1 = 599652 um.
Total wire length on LAYER met2 = 589292 um.
Total wire length on LAYER met3 = 66778 um.
Total wire length on LAYER met4 = 70059 um.
Total wire length on LAYER met5 = 0 um.
Total number of vias = 126978.
Up-via summary (total 126978):.

-------------------------
 FR_MASTERSLICE         0
            li1     58780
           met1     65732
           met2      1660
           met3       806
           met4         0
-------------------------
                   126978


[INFO DRT-0195] Start 3rd optimization iteration.
    Completing 10% with 5478 violations.
    elapsed time = 00:00:25, memory = 2339.58 (MB).
    Completing 20% with 5478 violations.
    elapsed time = 00:00:46, memory = 2661.02 (MB).
    Completing 30% with 4152 violations.
    elapsed time = 00:00:56, memory = 2162.59 (MB).
    Completing 40% with 4152 violations.
    elapsed time = 00:01:22, memory = 2533.60 (MB).
    Completing 50% with 4152 violations.
    elapsed time = 00:01:50, memory = 2893.85 (MB).
    Completing 60% with 3042 violations.
    elapsed time = 00:02:11, memory = 2375.79 (MB).
    Completing 70% with 3042 violations.
    elapsed time = 00:02:39, memory = 2602.44 (MB).
    Completing 80% with 1674 violations.
    elapsed time = 00:02:51, memory = 2178.02 (MB).
    Completing 90% with 1674 violations.
    elapsed time = 00:03:21, memory = 2671.51 (MB).
    Completing 100% with 511 violations.
    elapsed time = 00:03:41, memory = 2098.89 (MB).
[INFO DRT-0199]   Number of violations = 516.
Viol/Layer        mcon   met1   met2
Cut Spacing          3      0      0
Metal Spacing        0    158     36
Min Hole             0      1      0
Recheck              0      5      0
Short                0    297     16
[INFO DRT-0267] cpu time = 00:06:26, elapsed time = 00:03:42, memory = 2120.47 (MB), peak = 3395.37 (MB)
Total wire length = 1327180 um.
Total wire length on LAYER li1 = 0 um.
Total wire length on LAYER met1 = 591717 um.
Total wire length on LAYER met2 = 591479 um.
Total wire length on LAYER met3 = 73928 um.
Total wire length on LAYER met4 = 70054 um.
Total wire length on LAYER met5 = 0 um.
Total number of vias = 130577.
Up-via summary (total 130577):.

-------------------------
 FR_MASTERSLICE         0
            li1     58780
           met1     68306
           met2      2670
           met3       821
           met4         0
-------------------------
                   130577


[INFO DRT-0195] Start 4th optimization iteration.
    Completing 10% with 516 violations.
    elapsed time = 00:00:02, memory = 2194.37 (MB).
    Completing 20% with 516 violations.
    elapsed time = 00:00:04, memory = 2221.71 (MB).
    Completing 30% with 434 violations.
    elapsed time = 00:00:05, memory = 2098.89 (MB).
    Completing 40% with 434 violations.
    elapsed time = 00:00:06, memory = 2182.13 (MB).
    Completing 50% with 434 violations.
    elapsed time = 00:00:09, memory = 2241.42 (MB).
    Completing 60% with 352 violations.
    elapsed time = 00:00:17, memory = 2228.31 (MB).
    Completing 70% with 352 violations.
    elapsed time = 00:00:22, memory = 2363.43 (MB).
    Completing 80% with 174 violations.
    elapsed time = 00:00:23, memory = 2132.78 (MB).
    Completing 90% with 174 violations.
    elapsed time = 00:00:25, memory = 2213.42 (MB).
    Completing 100% with 12 violations.
    elapsed time = 00:00:28, memory = 2098.89 (MB).
[INFO DRT-0199]   Number of violations = 12.
Viol/Layer        met1
Metal Spacing        4
Short                8
[INFO DRT-0267] cpu time = 00:00:48, elapsed time = 00:00:28, memory = 2101.09 (MB), peak = 3395.37 (MB)
Total wire length = 1327124 um.
Total wire length on LAYER li1 = 0 um.
Total wire length on LAYER met1 = 591215 um.
Total wire length on LAYER met2 = 591529 um.
Total wire length on LAYER met3 = 74367 um.
Total wire length on LAYER met4 = 70012 um.
Total wire length on LAYER met5 = 0 um.
Total number of vias = 130585.
Up-via summary (total 130585):.

-------------------------
 FR_MASTERSLICE         0
            li1     58780
           met1     68274
           met2      2713
           met3       818
           met4         0
-------------------------
                   130585


[INFO DRT-0195] Start 5th optimization iteration.
    Completing 10% with 12 violations.
    elapsed time = 00:00:00, memory = 2101.09 (MB).
    Completing 20% with 12 violations.
    elapsed time = 00:00:00, memory = 2101.09 (MB).
    Completing 30% with 11 violations.
    elapsed time = 00:00:00, memory = 2130.21 (MB).
    Completing 40% with 11 violations.
    elapsed time = 00:00:00, memory = 2130.21 (MB).
    Completing 50% with 11 violations.
    elapsed time = 00:00:00, memory = 2138.15 (MB).
    Completing 60% with 6 violations.
    elapsed time = 00:00:02, memory = 2099.04 (MB).
    Completing 70% with 6 violations.
    elapsed time = 00:00:03, memory = 2132.86 (MB).
    Completing 80% with 0 violations.
    elapsed time = 00:00:03, memory = 2146.06 (MB).
    Completing 90% with 0 violations.
    elapsed time = 00:00:03, memory = 2146.06 (MB).
    Completing 100% with 0 violations.
    elapsed time = 00:00:03, memory = 2146.06 (MB).
[INFO DRT-0199]   Number of violations = 0.
[INFO DRT-0267] cpu time = 00:00:04, elapsed time = 00:00:03, memory = 2146.06 (MB), peak = 3395.37 (MB)
Total wire length = 1327115 um.
Total wire length on LAYER li1 = 0 um.
Total wire length on LAYER met1 = 591146 um.
Total wire length on LAYER met2 = 591530 um.
Total wire length on LAYER met3 = 74426 um.
Total wire length on LAYER met4 = 70012 um.
Total wire length on LAYER met5 = 0 um.
Total number of vias = 130586.
Up-via summary (total 130586):.

-------------------------
 FR_MASTERSLICE         0
            li1     58780
           met1     68273
           met2      2715
           met3       818
           met4         0
-------------------------
                   130586


[INFO DRT-0198] Complete detail routing.
Total wire length = 1327115 um.
Total wire length on LAYER li1 = 0 um.
Total wire length on LAYER met1 = 591146 um.
Total wire length on LAYER met2 = 591530 um.
Total wire length on LAYER met3 = 74426 um.
Total wire length on LAYER met4 = 70012 um.
Total wire length on LAYER met5 = 0 um.
Total number of vias = 130586.
Up-via summary (total 130586):.

-------------------------
 FR_MASTERSLICE         0
            li1     58780
           met1     68273
           met2      2715
           met3       818
           met4         0
-------------------------
                   130586


[INFO DRT-0267] cpu time = 00:28:00, elapsed time = 00:15:53, memory = 2146.06 (MB), peak = 3395.37 (MB)

[INFO DRT-0180] Post processing.
Setting global connections for newly added cells…
Writing OpenROAD database to '/openlane/designs/picorv32a/runs/final_run/results/routing/picorv32a.odb'…
Writing netlist to '/openlane/designs/picorv32a/runs/final_run/results/routing/picorv32a.nl.v'…
Writing powered netlist to '/openlane/designs/picorv32a/runs/final_run/results/routing/picorv32a.pnl.v'…
Writing layout to '/openlane/designs/picorv32a/runs/final_run/results/routing/picorv32a.def'…
