OpenROAD 41a51eaf4ca2171c92ff38afb91eb37bbd3f36da 
This program is licensed under the BSD-3 license. See the LICENSE file for details.
Components of this program may be licensed under more restrictive licenses which must be honored.
[INFO]: Reading ODB at '/openlane/designs/picorv32a/runs/final_run/results/placement/picorv32a.odb'…
define_corners Slowest Typical Fastest
read_liberty -corner Slowest /openlane/designs/picorv32a/runs/final_run/tmp/cts/cts-slowest.lib
read_liberty -corner Typical /openlane/designs/picorv32a/runs/final_run/tmp/cts/cts.lib
read_liberty -corner Fastest /openlane/designs/picorv32a/runs/final_run/tmp/cts/cts-fastest.lib
Using 1e-12 for capacitance...
Using 1e+03 for resistance...
Using 1e-09 for time...
Using 1e+00 for voltage...
Using 1e-03 for current...
Using 1e-09 for power...
Using 1e-06 for distance...
Reading design constraints file at '/openlane/designs/picorv32a/runs/final_run/tmp/placement/9-resizer.sdc'…
[INFO]: Setting RC values...
[INFO]: Configuring cts characterization...
[INFO]: Performing clock tree synthesis...
[INFO]: Looking for the following net(s): clk
[INFO]: Running Clock Tree Synthesis...
[INFO CTS-0049] Characterization buffer is: sky130_fd_sc_hd__clkbuf_8.
[INFO CTS-0038] Number of created patterns = 50000.
[INFO CTS-0038] Number of created patterns = 100000.
[INFO CTS-0039] Number of created patterns = 141984.
[INFO CTS-0084] Compiling LUT.
Min. len    Max. len    Min. cap    Max. cap    Min. slew   Max. slew
2           8           1           35          1           12          
[WARNING CTS-0043] 4896 wires are pure wire and no slew degradation.
TritonCTS forced slew degradation on these wires.
[INFO CTS-0046]     Number of wire segments: 141984.
[INFO CTS-0047]     Number of keys in characterization LUT: 1624.
[INFO CTS-0048]     Actual min input cap: 1.
[INFO CTS-0007] Net "clk" found for clock "clk".
[INFO CTS-0010]  Clock net "clk" has 1613 sinks.
[INFO CTS-0008] TritonCTS found 1 clock nets.
[INFO CTS-0097] Characterization used 2 buffer(s) types.
[INFO CTS-0027] Generating H-Tree topology for net clk.
[INFO CTS-0028]  Total number of sinks: 1613.
[INFO CTS-0029]  Sinks will be clustered in groups of up to 25 and with maximum cluster diameter of 50.0 um.
[INFO CTS-0030]  Number of static layers: 0.
[INFO CTS-0020]  Wire segment unit: 13000  dbu (13 um).
[INFO CTS-0019]  Total number of sinks after clustering: 430.
[INFO CTS-0024]  Normalized sink region: [(0.990769, 7.95077), (97.1158, 97.82)].
[INFO CTS-0025]     Width:  96.1250.
[INFO CTS-0026]     Height: 89.8692.
 Level 1
    Direction: Horizontal
    Sinks per sub-region: 215
    Sub-region size: 48.0625 X 89.8692
[INFO CTS-0034]     Segment length (rounded): 24.
    Key: 4140 inSlew: 1 inCap: 2 outSlew: 2 load: 1 length: 8 delay: 1
    Key: 4140 inSlew: 1 inCap: 2 outSlew: 2 load: 1 length: 8 delay: 1
    Key: 4143 inSlew: 2 inCap: 2 outSlew: 3 load: 1 length: 8 delay: 1
 Out of 430 sinks, 30 sinks closer to other cluster.
 Level 2
    Direction: Vertical
    Sinks per sub-region: 108
    Sub-region size: 48.0625 X 44.9346
[INFO CTS-0034]     Segment length (rounded): 22.
    Key: 1082 inSlew: 3 inCap: 1 outSlew: 1 load: 1 length: 8 delay: 9
      location: 0.25 buffer: sky130_fd_sc_hd__clkbuf_8
    Key: 4140 inSlew: 1 inCap: 2 outSlew: 2 load: 1 length: 8 delay: 1
    Key: 1029 inSlew: 1 inCap: 1 outSlew: 2 load: 1 length: 6 delay: 1
 Out of 258 sinks, 8 sinks closer to other cluster.
 Level 3
    Direction: Horizontal
    Sinks per sub-region: 54
    Sub-region size: 24.0312 X 44.9346
[INFO CTS-0034]     Segment length (rounded): 12.
    Key: 4143 inSlew: 2 inCap: 2 outSlew: 3 load: 1 length: 8 delay: 1
    Key: 74 inSlew: 3 inCap: 1 outSlew: 1 load: 1 length: 4 delay: 9
      location: 0.5 buffer: sky130_fd_sc_hd__clkbuf_8
 Out of 88 sinks, 1 sinks closer to other cluster.
 Level 4
    Direction: Vertical
    Sinks per sub-region: 27
    Sub-region size: 24.0312 X 22.4673
[INFO CTS-0034]     Segment length (rounded): 12.
    Key: 4140 inSlew: 1 inCap: 2 outSlew: 2 load: 1 length: 8 delay: 1
    Key: 246 inSlew: 1 inCap: 1 outSlew: 2 load: 1 length: 4 delay: 1
 Out of 48 sinks, 1 sinks closer to other cluster.
 Out of 70 sinks, 1 sinks closer to other cluster.
 Level 5
    Direction: Horizontal
    Sinks per sub-region: 14
    Sub-region size: 12.0156 X 22.4673
[INFO CTS-0034]     Segment length (rounded): 6.
    Key: 1047 inSlew: 2 inCap: 1 outSlew: 3 load: 1 length: 6 delay: 1
 Out of 14 sinks, 1 sinks closer to other cluster.
 Out of 21 sinks, 1 sinks closer to other cluster.
 Out of 20 sinks, 2 sinks closer to other cluster.
 Out of 28 sinks, 3 sinks closer to other cluster.
[INFO CTS-0032]  Stop criterion found. Max number of sinks is 15.
[INFO CTS-0035]  Number of sinks covered: 430.
[INFO CTS-0018]     Created 413 clock buffers.
[INFO CTS-0012]     Minimum number of buffers in the clock path: 4.
[INFO CTS-0013]     Maximum number of buffers in the clock path: 5.
[INFO CTS-0015]     Created 413 clock nets.
[INFO CTS-0016]     Fanout distribution for the current clock = 2:61, 3:82, 4:79, 5:58, 6:55, 7:24, 8:12, 9:4, 10:2, 12:5, 13:2, 14:6, 15:3, 16:1, 17:1, 19:1, 21:1, 23:3..
[INFO CTS-0017]     Max level of the clock tree: 5.
[INFO CTS-0098] Clock net "clk"
[INFO CTS-0099]  Sinks 1613
[INFO CTS-0100]  Leaf buffers 368
[INFO CTS-0101]  Average sink wire length 2080.78 um
[INFO CTS-0102]  Path depth 4 - 5
[INFO]: Repairing long wires on clock nets...
[INFO RSZ-0058] Using max wire length 4508um.
Setting global connections for newly added cells…
Writing OpenROAD database to '/openlane/designs/picorv32a/runs/final_run/results/cts/picorv32a.odb'…
Writing layout to '/openlane/designs/picorv32a/runs/final_run/results/cts/picorv32a.def'…
Writing timing constraints to '/openlane/designs/picorv32a/runs/final_run/results/cts/picorv32a.sdc'…
[INFO]: Legalizing...
Placement Analysis
---------------------------------
total displacement       1516.6 u
average displacement        0.0 u
max displacement            8.3 u
original HPWL         1141578.4 u
legalized HPWL        1155334.0 u
delta HPWL                    1 %

[INFO DPL-0020] Mirrored 6225 instances
[INFO DPL-0021] HPWL before          1155334.0 u
[INFO DPL-0022] HPWL after           1141412.6 u
[INFO DPL-0023] HPWL delta               -1.2 %
Setting global connections for newly added cells…
Writing OpenROAD database to '/openlane/designs/picorv32a/runs/final_run/results/cts/picorv32a.odb'…
Writing layout to '/openlane/designs/picorv32a/runs/final_run/results/cts/picorv32a.def'…
Writing timing constraints to '/openlane/designs/picorv32a/runs/final_run/results/cts/picorv32a.sdc'…
cts_report
[INFO CTS-0003] Total number of Clock Roots: 1.
[INFO CTS-0004] Total number of Buffers Inserted: 413.
[INFO CTS-0005] Total number of Clock Subnets: 413.
[INFO CTS-0006] Total number of Sinks: 1613.
cts_report_end
