Startpoint: _28777_ (rising edge-triggered flip-flop clocked by clk)
Endpoint: _28171_ (rising edge-triggered flip-flop clocked by clk)
Path Group: clk
Path Type: max

    Delay      Time   Description
-------------------------------------------------------------
   0.0000    0.0000   clock clk (rise edge)
   0.0000    0.0000   clock source latency
   0.0285    0.0285 ^ clk (in)
   0.1277    0.1562 ^ clkbuf_0_clk/X (sky130_fd_sc_hd__clkbuf_16)
   0.1183    0.2745 ^ clkbuf_2_0_0_clk/X (sky130_fd_sc_hd__clkbuf_8)
   0.1501    0.4245 ^ clkbuf_3_0_0_clk/X (sky130_fd_sc_hd__clkbuf_8)
   0.1694    0.5940 ^ clkbuf_5_2__f_clk/X (sky130_fd_sc_hd__clkbuf_16)
   0.1258    0.7198 ^ clkbuf_leaf_39_clk/X (sky130_fd_sc_hd__clkbuf_16)
   0.0000    0.7198 ^ _28777_/CLK (sky130_fd_sc_hd__dfxtp_1)
   0.3130    1.0327 v _28777_/Q (sky130_fd_sc_hd__dfxtp_1)
   0.1671    1.1999 v _16677_/X (sky130_fd_sc_hd__buf_2)
   0.1921    1.3920 v _16678_/X (sky130_fd_sc_hd__clkbuf_4)
   0.1867    1.5787 v _16679_/X (sky130_fd_sc_hd__buf_4)
   0.2229    1.8017 v _19034_/X (sky130_fd_sc_hd__a22o_1)
   0.2261    2.0277 v _19037_/X (sky130_fd_sc_hd__and4_1)
   0.3369    2.3646 v _19038_/X (sky130_fd_sc_hd__a211o_2)
   0.1919    2.5565 v _19041_/X (sky130_fd_sc_hd__a21o_1)
   0.2709    2.8274 v _19042_/X (sky130_fd_sc_hd__and3_2)
   0.3298    3.1571 ^ _19044_/Y (sky130_fd_sc_hd__a211oi_4)
   0.1919    3.3490 ^ _19046_/X (sky130_fd_sc_hd__a211o_2)
   0.6884    4.0374 v _19048_/X (sky130_fd_sc_hd__or4bb_2)
   0.2870    4.3244 ^ _19051_/Y (sky130_fd_sc_hd__a211oi_1)
   0.0963    4.4206 v _19052_/Y (sky130_fd_sc_hd__a211oi_1)
   0.7328    5.1535 v _19148_/X (sky130_fd_sc_hd__or4bb_2)
   0.1690    5.3225 v _19317_/X (sky130_fd_sc_hd__o211a_1)
   0.3866    5.7091 v _19318_/X (sky130_fd_sc_hd__or3_4)
   0.1542    5.8633 v _19320_/X (sky130_fd_sc_hd__o211a_1)
   0.5321    6.3954 v _19322_/X (sky130_fd_sc_hd__or3_2)
   0.1807    6.5761 v _19492_/X (sky130_fd_sc_hd__o211a_1)
   0.3146    6.8908 v _19494_/X (sky130_fd_sc_hd__or2_4)
   0.2901    7.1809 ^ _19662_/Y (sky130_fd_sc_hd__nor4_2)
   0.1527    7.3336 ^ max_cap336/X (sky130_fd_sc_hd__buf_1)
   0.0563    7.3899 v _19668_/Y (sky130_fd_sc_hd__nand2_2)
   0.2316    7.6215 v _19671_/X (sky130_fd_sc_hd__a211o_1)
   0.1763    7.7978 v _19672_/X (sky130_fd_sc_hd__and3_1)
   0.1570    7.9549 v _19673_/X (sky130_fd_sc_hd__buf_4)
   0.5488    8.5036 v _22014_/X (sky130_fd_sc_hd__or4_1)
   0.2871    8.7907 v _22459_/X (sky130_fd_sc_hd__a211o_1)
   0.2714    9.0621 v _22842_/X (sky130_fd_sc_hd__a211o_1)
   0.2769    9.3390 v _23081_/X (sky130_fd_sc_hd__a211o_1)
   0.1788    9.5178 v _23156_/X (sky130_fd_sc_hd__a21o_1)
   0.2316    9.7494 v _23300_/X (sky130_fd_sc_hd__a31o_1)
   0.1835    9.9329 v _23303_/X (sky130_fd_sc_hd__o21a_1)
   0.1152   10.0481 v _23342_/Y (sky130_fd_sc_hd__xnor2_1)
   0.0000   10.0481 v _28171_/D (sky130_fd_sc_hd__dfxtp_4)
            10.0481   data arrival time

  12.0000   12.0000   clock clk (rise edge)
   0.0000   12.0000   clock source latency
   0.0258   12.0258 ^ clk (in)
   0.1156   12.1414 ^ clkbuf_0_clk/X (sky130_fd_sc_hd__clkbuf_16)
   0.1070   12.2484 ^ clkbuf_2_0_0_clk/X (sky130_fd_sc_hd__clkbuf_8)
   0.1358   12.3841 ^ clkbuf_3_1_0_clk/X (sky130_fd_sc_hd__clkbuf_8)
   0.1477   12.5318 ^ clkbuf_5_4__f_clk/X (sky130_fd_sc_hd__clkbuf_16)
   0.1111   12.6429 ^ clkbuf_leaf_425_clk/X (sky130_fd_sc_hd__clkbuf_16)
   0.0000   12.6429 ^ _28171_/CLK (sky130_fd_sc_hd__dfxtp_4)
  -0.2500   12.3929   clock uncertainty
   0.0261   12.4190   clock reconvergence pessimism
  -0.1124   12.3066   library setup time
            12.3066   data required time
-------------------------------------------------------------
            12.3066   data required time
           -10.0481   data arrival time
-------------------------------------------------------------
             2.2585   slack (MET)


